[1/10] Performing build step for 'bootloader'
[1/1] cmd.exe /C "cd /D C:\Users\benja\Code\School\EC444\Team2-Gilbert-Robitshek\quest-0\code\sample_project\build\bootloader\esp-idf\esptool_py && C:\Espressif\python_env\idf5.1_py3.11_env\Scripts\python.exe C:/Espressif/frameworks/esp-idf-v5.1.1-2/components/partition_table/check_sizes.py --offset 0x8000 bootloader 0x1000 C:/Users/benja/Code/School/EC444/Team2-Gilbert-Robitshek/quest-0/code/sample_project/build/bootloader/bootloader.bin"
Bootloader binary size 0x6810 bytes. 0x7f0 bytes (7%) free.
[2/8] Building C object esp-idf/main/CMakeFiles/__idf_main.dir/main.c.obj
In file included from C:/Users/benja/Code/School/EC444/Team2-Gilbert-Robitshek/quest-0/code/sample_project/main/main.c:7:
C:/Espressif/frameworks/esp-idf-v5.1.1-2/components/driver/deprecated/driver/adc.h:19:2: warning: #warning "legacy adc driver is deprecated, please migrate to use esp_adc/adc_oneshot.h and esp_adc/adc_continuous.h for oneshot mode and continuous mode drivers respectively" [-Wcpp]
   19 | #warning "legacy adc driver is deprecated, please migrate to use esp_adc/adc_oneshot.h and esp_adc/adc_continuous.h for oneshot mode and continuous mode drivers respectively"
      |  ^~~~~~~
In file included from C:/Users/benja/Code/School/EC444/Team2-Gilbert-Robitshek/quest-0/code/sample_project/main/main.c:8:
C:/Espressif/frameworks/esp-idf-v5.1.1-2/components/esp_adc/deprecated/include/esp_adc_cal.h:17:2: warning: #warning "legacy adc calibration driver is deprecated, please migrate to use esp_adc/adc_cali.h and esp_adc/adc_cali_scheme.h" [-Wcpp]
   17 | #warning "legacy adc calibration driver is deprecated, please migrate to use esp_adc/adc_cali.h and esp_adc/adc_cali_scheme.h"
      |  ^~~~~~~
[3/8] Linking C static library esp-idf\main\libmain.a
[4/8] Generating ld/sections.ld
FAILED: esp-idf/esp_system/ld/sections.ld C:/Users/benja/Code/School/EC444/Team2-Gilbert-Robitshek/quest-0/code/sample_project/build/esp-idf/esp_system/ld/sections.ld 
cmd.exe /C "cd /D C:\Users\benja\Code\School\EC444\Team2-Gilbert-Robitshek\quest-0\code\sample_project\build\esp-idf\esp_system && C:\Espressif\python_env\idf5.1_py3.11_env\Scripts\python.exe C:/Espressif/frameworks/esp-idf-v5.1.1-2/tools/ldgen/ldgen.py --config C:/Users/benja/Code/School/EC444/Team2-Gilbert-Robitshek/quest-0/code/sample_project/sdkconfig --fragments-list C:/Espressif/frameworks/esp-idf-v5.1.1-2/components/xtensa/linker.lf;C:/Espressif/frameworks/esp-idf-v5.1.1-2/components/esp_ringbuf/linker.lf;C:/Espressif/frameworks/esp-idf-v5.1.1-2/components/driver/linker.lf;C:/Espressif/frameworks/esp-idf-v5.1.1-2/components/esp_pm/linker.lf;C:/Espressif/frameworks/esp-idf-v5.1.1-2/components/esp_mm/linker.lf;C:/Espressif/frameworks/esp-idf-v5.1.1-2/components/spi_flash/linker.lf;C:/Espressif/frameworks/esp-idf-v5.1.1-2/components/esp_system/linker.lf;C:/Espressif/frameworks/esp-idf-v5.1.1-2/components/esp_system/app.lf;C:/Espressif/frameworks/esp-idf-v5.1.1-2/components/esp_rom/linker.lf;C:/Espressif/frameworks/esp-idf-v5.1.1-2/components/hal/linker.lf;C:/Espressif/frameworks/esp-idf-v5.1.1-2/components/log/linker.lf;C:/Espressif/frameworks/esp-idf-v5.1.1-2/components/heap/linker.lf;C:/Espressif/frameworks/esp-idf-v5.1.1-2/components/soc/linker.lf;C:/Espressif/frameworks/esp-idf-v5.1.1-2/components/esp_hw_support/linker.lf;C:/Espressif/frameworks/esp-idf-v5.1.1-2/components/freertos/linker.lf;C:/Espressif/frameworks/esp-idf-v5.1.1-2/components/freertos/linker_common.lf;C:/Espressif/frameworks/esp-idf-v5.1.1-2/components/newlib/newlib.lf;C:/Espressif/frameworks/esp-idf-v5.1.1-2/components/newlib/system_libs.lf;C:/Espressif/frameworks/esp-idf-v5.1.1-2/components/esp_common/common.lf;C:/Espressif/frameworks/esp-idf-v5.1.1-2/components/esp_common/soc.lf;C:/Espressif/frameworks/esp-idf-v5.1.1-2/components/app_trace/linker.lf;C:/Espressif/frameworks/esp-idf-v5.1.1-2/components/esp_event/linker.lf;C:/Espressif/frameworks/esp-idf-v5.1.1-2/components/esp_phy/linker.lf;C:/Espressif/frameworks/esp-idf-v5.1.1-2/components/lwip/linker.lf;C:/Espressif/frameworks/esp-idf-v5.1.1-2/components/esp_netif/linker.lf;C:/Espressif/frameworks/esp-idf-v5.1.1-2/components/esp_wifi/linker.lf;C:/Espressif/frameworks/esp-idf-v5.1.1-2/components/bt/linker.lf;C:/Espressif/frameworks/esp-idf-v5.1.1-2/components/esp_adc/linker.lf;C:/Espressif/frameworks/esp-idf-v5.1.1-2/components/esp_gdbstub/linker.lf;C:/Espressif/frameworks/esp-idf-v5.1.1-2/components/esp_psram/linker.lf;C:/Espressif/frameworks/esp-idf-v5.1.1-2/components/esp_lcd/linker.lf;C:/Espressif/frameworks/esp-idf-v5.1.1-2/components/espcoredump/linker.lf;C:/Espressif/frameworks/esp-idf-v5.1.1-2/components/ieee802154/linker.lf;C:/Espressif/frameworks/esp-idf-v5.1.1-2/components/openthread/linker.lf --input C:/Espressif/frameworks/esp-idf-v5.1.1-2/components/esp_system/ld/esp32/sections.ld.in --output C:/Users/benja/Code/School/EC444/Team2-Gilbert-Robitshek/quest-0/code/sample_project/build/esp-idf/esp_system/ld/sections.ld --kconfig C:/Espressif/frameworks/esp-idf-v5.1.1-2/Kconfig --env-file C:/Users/benja/Code/School/EC444/Team2-Gilbert-Robitshek/quest-0/code/sample_project/build/config.env --libraries-file C:/Users/benja/Code/School/EC444/Team2-Gilbert-Robitshek/quest-0/code/sample_project/build/ldgen_libraries --objdump C:/Espressif/tools/xtensa-esp32-elf/esp-12.2.0_20230208/xtensa-esp32-elf/bin/xtensa-esp32-elf-objdump.exe"
Traceback (most recent call last):
  File "C:\Espressif\python_env\idf5.1_py3.11_env\Lib\site-packages\pyparsing\core.py", line 817, in _parseNoCache
    loc, tokens = self.parseImpl(instring, pre_loc, doActions)
                  ^^^^^^^^^^^^^^^^^^^^^^^^^^^^^^^^^^^^^^^^^^^^
  File "C:\Espressif\python_env\idf5.1_py3.11_env\Lib\site-packages\pyparsing\core.py", line 2337, in parseImpl
    if instring[loc] == self.firstMatchChar and instring.startswith(
       ~~~~~~~~^^^^^
IndexError: string index out of range

During handling of the above exception, another exception occurred:

Traceback (most recent call last):
  File "C:\Espressif\frameworks\esp-idf-v5.1.1-2\tools\ldgen\ldgen\entity.py", line 124, in add_sections_info
    results = parser.parseString(first_line, parseAll=True)
              ^^^^^^^^^^^^^^^^^^^^^^^^^^^^^^^^^^^^^^^^^^^^^
  File "C:\Espressif\python_env\idf5.1_py3.11_env\Lib\site-packages\pyparsing\core.py", line 1141, in parse_string
    raise exc.with_traceback(None)
pyparsing.exceptions.ParseException: Expected 'In archive'  (at char 0), (line:1, col:1)

During handling of the above exception, another exception occurred:

Traceback (most recent call last):
  File "C:\Espressif\frameworks\esp-idf-v5.1.1-2\tools\ldgen\ldgen.py", line 175, in <module>
    main()
  File "C:\Espressif\frameworks\esp-idf-v5.1.1-2\tools\ldgen\ldgen.py", line 133, in main
    sections_infos.add_sections_info(dump)
  File "C:\Espressif\frameworks\esp-idf-v5.1.1-2\tools\ldgen\ldgen\entity.py", line 126, in add_sections_info
    raise ParseException('Parsing sections info for library ' + sections_info_dump.name + ' failed. ' + p.msg)
pyparsing.exceptions.ParseException: Parsing sections info for library C:/Users/benja/Code/School/EC444/Team2-Gilbert-Robitshek/quest-0/code/sample_project/build/esp-idf/esp_app_format/libesp_app_format.a failed. Expected 'In archive'  (at char 0), (line:1, col:1)
ninja: build stopped: subcommand failed.
